// Jest Snapshot v1, https://goo.gl/fbAQLP

exports[`<Test /> should render the heading on test component 1`] = `
<h1>
  Test
</h1>
`;
